2026-02-03 00:18:03.134600: E external/xla/xla/stream_executor/cuda/cuda_dnn.cc:522] Could not create cudnn handle: CUDNN_STATUS_INTERNAL_ERROR
2026-02-03 00:18:03.134642: E external/xla/xla/stream_executor/cuda/cuda_dnn.cc:526] Memory usage: 33127923712 bytes free, 33680588800 bytes total.
2026-02-03 00:18:03.134873: E external/xla/xla/stream_executor/cuda/cuda_dnn.cc:522] Could not create cudnn handle: CUDNN_STATUS_INTERNAL_ERROR
2026-02-03 00:18:03.134897: E external/xla/xla/stream_executor/cuda/cuda_dnn.cc:526] Memory usage: 33127923712 bytes free, 33680588800 bytes total.
jax.errors.SimplifiedTraceback: For simplicity, JAX has removed its internal frames from the traceback of the following exception. Set JAX_TRACEBACK_FILTERING=off to include these.

The above exception was the direct cause of the following exception:

Traceback (most recent call last):
  File "/home/user/ur-serl/examples/train_rlpd.py", line 17, in <module>
    from serl_launcher.agents.continuous.sac import SACAgent
  File "/home/user/ur-serl/serl_launcher/serl_launcher/agents/__init__.py", line 1, in <module>
    from .continuous.bc import BCAgent
  File "/home/user/ur-serl/serl_launcher/serl_launcher/agents/continuous/bc.py", line 12, in <module>
    from serl_launcher.common.common import JaxRLTrainState, ModuleDict, nonpytree_field
  File "/home/user/ur-serl/serl_launcher/serl_launcher/common/common.py", line 81, in <module>
    class JaxRLTrainState(struct.PyTreeNode):
  File "/home/user/ur-serl/serl_launcher/serl_launcher/common/common.py", line 226, in JaxRLTrainState
    cls, *, apply_fn, params, txs, target_params=None, rng=jax.random.PRNGKey(0), epsilon=0.0
  File "/home/user/ur-serl/.venv/lib/python3.10/site-packages/jax/_src/random.py", line 240, in PRNGKey
    return _return_prng_keys(True, _key('PRNGKey', seed, impl))
  File "/home/user/ur-serl/.venv/lib/python3.10/site-packages/jax/_src/random.py", line 202, in _key
    return prng.random_seed(seed, impl=impl)
  File "/home/user/ur-serl/.venv/lib/python3.10/site-packages/jax/_src/prng.py", line 595, in random_seed
    seeds_arr = jnp.asarray(np.int64(seeds))
  File "/home/user/ur-serl/.venv/lib/python3.10/site-packages/jax/_src/numpy/lax_numpy.py", line 2233, in asarray
    return array(a, dtype=dtype, copy=bool(copy), order=order)  # type: ignore
  File "/home/user/ur-serl/.venv/lib/python3.10/site-packages/jax/_src/numpy/lax_numpy.py", line 2188, in array
    out_array: Array = lax_internal._convert_element_type(
  File "/home/user/ur-serl/.venv/lib/python3.10/site-packages/jax/_src/lax/lax.py", line 558, in _convert_element_type
    return convert_element_type_p.bind(operand, new_dtype=new_dtype,
  File "/home/user/ur-serl/.venv/lib/python3.10/site-packages/jax/_src/core.py", line 420, in bind
    return self.bind_with_trace(find_top_trace(args), args, params)
  File "/home/user/ur-serl/.venv/lib/python3.10/site-packages/jax/_src/core.py", line 423, in bind_with_trace
    out = trace.process_primitive(self, map(trace.full_raise, args), params)
  File "/home/user/ur-serl/.venv/lib/python3.10/site-packages/jax/_src/core.py", line 913, in process_primitive
    return primitive.impl(*tracers, **params)
  File "/home/user/ur-serl/.venv/lib/python3.10/site-packages/jax/_src/dispatch.py", line 87, in apply_primitive
    outs = fun(*args)
jaxlib.xla_extension.XlaRuntimeError: FAILED_PRECONDITION: DNN library initialization failed. Look at the errors above for more details.


 File "/home/user/ur-serl/.venv/lib/python3.10/site-packages/absl/app.py", line 367, in run
    _run_main(main, args)
  File "/home/user/ur-serl/.venv/lib/python3.10/site-packages/absl/app.py", line 312, in _run_main
    sys.exit(main(argv))
  File "/home/user/ur-serl/examples/experiments/box_picking/../../train_rlpd.py", line 513, in main
    actor(
  File "/home/user/ur-serl/examples/experiments/box_picking/../../train_rlpd.py", line 171, in actor
    next_obs, reward, done, truncated, info = env.step(actions)
  File "/home/user/ur-serl/.venv/lib/python3.10/site-packages/gymnasium/wrappers/record_episode_statistics.py", line 89, in step
    ) = self.env.step(action)
  File "/home/user/ur-serl/examples/experiments/box_picking/wrapper.py", line 364, in step
    obs, reward, term, trunc, info = self.env.step(action)
  File "/home/user/ur-serl/examples/experiments/box_picking/wrapper.py", line 406, in step
    p = float(self.prob_func(obs))
  File "/home/user/ur-serl/examples/experiments/box_picking/config.py", line 191, in reward_func
    return int(sigmoid(clf(obs)) > 0.7)
  File "/home/user/ur-serl/.venv/lib/python3.10/site-packages/jax/_src/array.py", line 277, in __int__
    core.check_scalar_conversion(self)
  File "/home/user/ur-serl/.venv/lib/python3.10/site-packages/jax/_src/core.py", line 642, in check_scalar_conversion
    raise TypeError("Only scalar arrays can be converted to Python scalars; "
TypeError: Only scalar arrays can be converted to Python scalars; got arr.ndim=1

 bash ./run_actor.sh 
2026-02-06 21:35:26.492941: E external/local_xla/xla/stream_executor/cuda/cuda_fft.cc:479] Unable to register cuFFT factory: Attempting to register factory for plugin cuFFT when one has already been registered
2026-02-06 21:35:26.508955: E external/local_xla/xla/stream_executor/cuda/cuda_dnn.cc:10575] Unable to register cuDNN factory: Attempting to register factory for plugin cuDNN when one has already been registered
2026-02-06 21:35:26.508997: E external/local_xla/xla/stream_executor/cuda/cuda_blas.cc:1442] Unable to register cuBLAS factory: Attempting to register factory for plugin cuBLAS when one has already been registered
2026-02-06 21:35:27.016280: W tensorflow/compiler/tf2tensorrt/utils/py_utils.cc:38] TF-TRT Warning: Could not find TensorRT
/home/user/ur-serl/examples/experiments/box_picking
2026-02-06 21:35:31.399345: W tensorflow/core/common_runtime/gpu/gpu_device.cc:2251] Cannot dlopen some GPU libraries. Please make sure the missing libraries mentioned above are installed properly if you would like to use GPU. Follow the guide at https://www.tensorflow.org/install/gpu for how to download and setup the required libraries for your platform.
Skipping registering GPU devices...
[CAM] Cameras are ready!
Activation completed. Activation time :  4.76837158203125e-07
[RIC] target position set to curr pos: [-0.113  -0.424   0.2346  0.0504 -0.8155  0.5764  0.0126]
[RIC] Controller has started and is ready!
SpaceMouseCompact found
Opened real SpaceMouseExpert
/home/user/ur-serl/examples/experiments/box_picking/classifier_ckpt
wait for frames took 0.757 seconds
The ResNet-10 weights already exist at '/home/user/.serl/resnet10_params.pkl'.
Loaded 5.418792M parameters from ResNet-10 pretrained on ImageNet-1K
replaced conv_init in encoder_wrist
replaced norm_init in encoder_wrist
replaced ResNetBlock_0 in encoder_wrist
replaced ResNetBlock_1 in encoder_wrist
replaced ResNetBlock_2 in encoder_wrist
replaced ResNetBlock_3 in encoder_wrist
I0206 21:35:40.194988 132337285429056 checkpoints.py:1110] Restoring orbax checkpoint from /home/user/ur-serl/examples/experiments/box_picking/classifier_ckpt/checkpoint_100
I0206 21:35:40.195227 132337285429056 abstract_checkpointer.py:35] orbax-checkpoint version: 0.7.0
I0206 21:35:40.197120 132337285429056 checkpointer.py:237] Restoring checkpoint from /home/user/ur-serl/examples/experiments/box_picking/classifier_ckpt/checkpoint_100.
W0206 21:35:40.342344 132337285429056 transform_utils.py:230] The transformations API will eventually be replaced by an upgraded design. The current API will not be removed until this point, but it will no longer be actively worked on.
I0206 21:35:40.344832 132337285429056 checkpointer.py:240] Finished restoring checkpoint from /home/user/ur-serl/examples/experiments/box_picking/classifier_ckpt/checkpoint_100.
I0206 21:35:40.344985 132337285429056 utils.py:240] [process=0][thread=MainThread] Skipping global process sync, barrier name: Checkpointer:restore.checkpoint_100
I0206 21:35:40.355464 132337285429056 _schedule.py:129] A polynomial schedule was set with a non-positive `transition_steps` value; this results in a constant schedule with value `init_value`.
I0206 21:35:40.355724 132337285429056 _schedule.py:129] A polynomial schedule was set with a non-positive `transition_steps` value; this results in a constant schedule with value `init_value`.
I0206 21:35:40.355822 132337285429056 _schedule.py:129] A polynomial schedule was set with a non-positive `transition_steps` value; this results in a constant schedule with value `init_value`.
I0206 21:35:40.355890 132337285429056 _schedule.py:129] A polynomial schedule was set with a non-positive `transition_steps` value; this results in a constant schedule with value `init_value`.
The ResNet-10 weights already exist at '/home/user/.serl/resnet10_params.pkl'.
Loaded 5.418792M parameters from ResNet-10 pretrained on ImageNet-1K
replaced conv_init in pretrained_encoder
replaced norm_init in pretrained_encoder
replaced ResNetBlock_0 in pretrained_encoder
replaced ResNetBlock_1 in pretrained_encoder
replaced ResNetBlock_2 in pretrained_encoder
replaced ResNetBlock_3 in pretrained_encoder
/home/user/ur-serl/examples/experiments/box_picking/../../train_rlpd.py:421: DeprecationWarning: jax.tree_map is deprecated: use jax.tree.map (jax v0.4.25 or newer) or jax.tree_util.tree_map (any JAX version).
  jax.tree_map(jnp.array, agent), sharding.replicate()
Checkpoint path already exists. Press Enter to resume training.

bash ./run_learner.sh 
2026-02-06 21:38:31.988168: E external/local_xla/xla/stream_executor/cuda/cuda_fft.cc:479] Unable to register cuFFT factory: Attempting to register factory for plugin cuFFT when one has already been registered
2026-02-06 21:38:32.000829: E external/local_xla/xla/stream_executor/cuda/cuda_dnn.cc:10575] Unable to register cuDNN factory: Attempting to register factory for plugin cuDNN when one has already been registered
2026-02-06 21:38:32.000889: E external/local_xla/xla/stream_executor/cuda/cuda_blas.cc:1442] Unable to register cuBLAS factory: Attempting to register factory for plugin cuBLAS when one has already been registered
2026-02-06 21:38:32.448345: W tensorflow/compiler/tf2tensorrt/utils/py_utils.cc:38] TF-TRT Warning: Could not find TensorRT
/home/user/ur-serl/examples/experiments/box_picking
2026-02-06 21:38:35.831373: W tensorflow/core/common_runtime/gpu/gpu_device.cc:2251] Cannot dlopen some GPU libraries. Please make sure the missing libraries mentioned above are installed properly if you would like to use GPU. Follow the guide at https://www.tensorflow.org/install/gpu for how to download and setup the required libraries for your platform.
Skipping registering GPU devices...
[UR5Env] is fake! True
/home/user/ur-serl/examples/experiments/box_picking/classifier_ckpt
The ResNet-10 weights already exist at '/home/user/.serl/resnet10_params.pkl'.
Loaded 5.418792M parameters from ResNet-10 pretrained on ImageNet-1K
replaced conv_init in encoder_wrist
replaced norm_init in encoder_wrist
replaced ResNetBlock_0 in encoder_wrist
replaced ResNetBlock_1 in encoder_wrist
replaced ResNetBlock_2 in encoder_wrist
replaced ResNetBlock_3 in encoder_wrist
I0206 21:38:41.263544 138458773280576 checkpoints.py:1110] Restoring orbax checkpoint from /home/user/ur-serl/examples/experiments/box_picking/classifier_ckpt/checkpoint_100
I0206 21:38:41.263698 138458773280576 abstract_checkpointer.py:35] orbax-checkpoint version: 0.7.0
I0206 21:38:41.265757 138458773280576 checkpointer.py:237] Restoring checkpoint from /home/user/ur-serl/examples/experiments/box_picking/classifier_ckpt/checkpoint_100.
W0206 21:38:41.356348 138458773280576 transform_utils.py:230] The transformations API will eventually be replaced by an upgraded design. The current API will not be removed until this point, but it will no longer be actively worked on.
I0206 21:38:41.358426 138458773280576 checkpointer.py:240] Finished restoring checkpoint from /home/user/ur-serl/examples/experiments/box_picking/classifier_ckpt/checkpoint_100.
I0206 21:38:41.358505 138458773280576 utils.py:240] [process=0][thread=MainThread] Skipping global process sync, barrier name: Checkpointer:restore.checkpoint_100
I0206 21:38:41.361376 138458773280576 _schedule.py:129] A polynomial schedule was set with a non-positive `transition_steps` value; this results in a constant schedule with value `init_value`.
I0206 21:38:41.361514 138458773280576 _schedule.py:129] A polynomial schedule was set with a non-positive `transition_steps` value; this results in a constant schedule with value `init_value`.
I0206 21:38:41.361587 138458773280576 _schedule.py:129] A polynomial schedule was set with a non-positive `transition_steps` value; this results in a constant schedule with value `init_value`.
I0206 21:38:41.361648 138458773280576 _schedule.py:129] A polynomial schedule was set with a non-positive `transition_steps` value; this results in a constant schedule with value `init_value`.
The ResNet-10 weights already exist at '/home/user/.serl/resnet10_params.pkl'.
Loaded 5.418792M parameters from ResNet-10 pretrained on ImageNet-1K
replaced conv_init in pretrained_encoder
bash ./run_learner.sh 
2026-02-06 21:38:31.988168: E external/local_xla/xla/stream_executor/cuda/cuda_fft.cc:479] Unable to register cuFFT factory: Attempting to register factory for plugin cuFFT when one has already been registered
2026-02-06 21:38:32.000829: E external/local_xla/xla/stream_executor/cuda/cuda_dnn.cc:10575] Unable to register cuDNN factory: Attempting to register factory for plugin cuDNN when one has already been registered
2026-02-06 21:38:32.000889: E external/local_xla/xla/stream_executor/cuda/cuda_blas.cc:1442] Unable to register cuBLAS factory: Attempting to register factory for plugin cuBLAS when one has already been registered
2026-02-06 21:38:32.448345: W tensorflow/compiler/tf2tensorrt/utils/py_utils.cc:38] TF-TRT Warning: Could not find TensorRT
/home/user/ur-serl/examples/experiments/box_picking
2026-02-06 21:38:35.831373: W tensorflow/core/common_runtime/gpu/gpu_device.cc:2251] Cannot dlopen some GPU libraries. Please make sure the missing libraries mentioned above are installed properly if you would like to use GPU. Follow the guide at https://www.tensorflow.org/install/gpu for how to download and setup the required libraries for your platform.
Skipping registering GPU devices...
[UR5Env] is fake! True
/home/user/ur-serl/examples/experiments/box_picking/classifier_ckpt
The ResNet-10 weights already exist at '/home/user/.serl/resnet10_params.pkl'.
Loaded 5.418792M parameters from ResNet-10 pretrained on ImageNet-1K
replaced conv_init in encoder_wrist
replaced norm_init in encoder_wrist
replaced ResNetBlock_0 in encoder_wrist
replaced ResNetBlock_1 in encoder_wrist
replaced ResNetBlock_2 in encoder_wrist
replaced ResNetBlock_3 in encoder_wrist
I0206 21:38:41.263544 138458773280576 checkpoints.py:1110] Restoring orbax checkpoint from /home/user/ur-serl/examples/experiments/box_picking/classifier_ckpt/checkpoint_100
I0206 21:38:41.263698 138458773280576 abstract_checkpointer.py:35] orbax-checkpoint version: 0.7.0
I0206 21:38:41.265757 138458773280576 checkpointer.py:237] Restoring checkpoint from /home/user/ur-serl/examples/experiments/box_picking/classifier_ckpt/checkpoint_100.
W0206 21:38:41.356348 138458773280576 transform_utils.py:230] The transformations API will eventually be replaced by an upgraded design. The current API will not be removed until this point, but it will no longer be actively worked on.
I0206 21:38:41.358426 138458773280576 checkpointer.py:240] Finished restoring checkpoint from /home/user/ur-serl/examples/experiments/box_picking/classifier_ckpt/checkpoint_100.
I0206 21:38:41.358505 138458773280576 utils.py:240] [process=0][thread=MainThread] Skipping global process sync, barrier name: Checkpointer:restore.checkpoint_100
I0206 21:38:41.361376 138458773280576 _schedule.py:129] A polynomial schedule was set with a non-positive `transition_steps` value; this results in a constant schedule with value `init_value`.
I0206 21:38:41.361514 138458773280576 _schedule.py:129] A polynomial schedule was set with a non-positive `transition_steps` value; this results in a constant schedule with value `init_value`.
I0206 21:38:41.361587 138458773280576 _schedule.py:129] A polynomial schedule was set with a non-positive `transition_steps` value; this results in a constant schedule with value `init_value`.
I0206 21:38:41.361648 138458773280576 _schedule.py:129] A polynomial schedule was set with a non-positive `transition_steps` value; this results in a constant schedule with value `init_value`.
The ResNet-10 weights already exist at '/home/user/.serl/resnet10_params.pkl'.
Loaded 5.418792M parameters from ResNet-10 pretrained on ImageNet-1K
replaced conv_init in pretrained_encoder
eplaced norm_init in pretrained_encoder
replaced ResNetBlock_0 in pretrained_encoder
replaced ResNetBlock_1 in pretrained_encoder
replaced ResNetBlock_2 in pretrained_encoder
replaced ResNetBlock_3 in pretrained_encoder
/home/user/ur-serl/examples/experiments/box_picking/../../train_rlpd.py:421: DeprecationWarning: jax.tree_map is deprecated: use jax.tree.map (jax v0.4.25 or newer) or jax.tree_util.tree_map (any JAX version).
  jax.tree_map(jnp.array, agent), sharding.replicate()
entity: null
exp_descriptor: ur5e_aruco_pick
experiment_id: ur5e_aruco_pick_20260206_213844
group: null
project: hil-serl
tag: ur5e_aruco_pick
unique_identifier: '20260206_213844'

wandb: [wandb.login()] Loaded credentials for https://api.wandb.ai from /home/user/.netrc.
wandb: Currently logged in as: sikgaek (sikgaek-kaist) to https://api.wandb.ai. Use `wandb login --relogin` to force relogin
wandb: Tracking run with wandb version 0.24.0
wandb: Run data is saved locally in /tmp/tmpe8xrtwtl/wandb/run-20260206_213844-ur5e_aruco_pick_20260206_213844
wandb: Run `wandb offline` to turn off syncing.
wandb: Syncing run ur5e_aruco_pick_20260206_213844
wandb: ⭐️ View project at https://wandb.ai/sikgaek-kaist/hil-serl
wandb: 🚀 View run at https://wandb.ai/sikgaek-kaist/hil-serl/runs/ur5e_aruco_pick_20260206_213844
Demo path is:  ../../../demo_data/ur5e_aruco_pick_20_demos_2026-02-06_17-13-23.pkl Current working directory is:  /home/user/ur-serl/examples/experiments/box_picking
 demo buffer size: 788
 online buffer size: 0
 starting learner loop
